
> autostrass_app@0.0.0 build
> npx tsc -b && npx tsc -p tsconfig.server.json --noEmit && vite build

src/views/CatalogueView.tsx(72,15): error TS2304: Cannot find name 'ArticleFormOutput'.
src/views/LivraisonsView.tsx(67,5): error TS2719: Type 'import("C:/Users/d_t12/OneDrive/Repository/autostrass_app/node_modules/react-hook-form/dist/types/resolvers").Resolver<{ commandeId: unknown; transporteur: string; dateExpedition: string; dateLivraisonPrevue: string; adresseLivraison: string; statut: "en attente" | "livrée" | "en transit"; tracking: string; }, any, ...' is not assignable to type 'import("C:/Users/d_t12/OneDrive/Repository/autostrass_app/node_modules/react-hook-form/dist/types/resolvers").Resolver<{ commandeId: unknown; transporteur: string; dateExpedition: string; dateLivraisonPrevue: string; adresseLivraison: string; statut: "en attente" | "livrée" | "en transit"; tracking: string; }, any, ...'. Two different types with this name exist, but they are unrelated.
  Type 'import("C:/Users/d_t12/OneDrive/Repository/autostrass_app/node_modules/react-hook-form/dist/types/resolvers").ResolverResult<{ commandeId: unknown; transporteur: string; dateExpedition: string; dateLivraisonPrevue: string; adresseLivraison: string; statut: "en attente" | "livrée" | "en transit"; tracking: string; },...' is not assignable to type 'import("C:/Users/d_t12/OneDrive/Repository/autostrass_app/node_modules/react-hook-form/dist/types/resolvers").ResolverResult<{ commandeId: unknown; transporteur: string; dateExpedition: string; dateLivraisonPrevue: string; adresseLivraison: string; statut: "en attente" | "livrée" | "en transit"; tracking: string; },...'. Two different types with this name exist, but they are unrelated.
    Type 'ResolverSuccess<{ commandeId: number; transporteur: string; dateExpedition: string; dateLivraisonPrevue: string; adresseLivraison: string; statut: "en attente" | "livrée" | "en transit"; tracking: string | undefined; }>' is not assignable to type 'ResolverResult<{ commandeId: unknown; transporteur: string; dateExpedition: string; dateLivraisonPrevue: string; adresseLivraison: string; statut: "en attente" | "livrée" | "en transit"; tracking: string; }, { ...; }> | Promise<...>'.
      Type 'ResolverSuccess<{ commandeId: number; transporteur: string; dateExpedition: string; dateLivraisonPrevue: string; adresseLivraison: string; statut: "en attente" | "livrée" | "en transit"; tracking: string | undefined; }>' is not assignable to type 'ResolverSuccess<{ commandeId: unknown; transporteur: string; dateExpedition: string; dateLivraisonPrevue: string; adresseLivraison: string; statut: "en attente" | "livrée" | "en transit"; tracking: string; }>'.
        Type '{ commandeId: number; transporteur: string; dateExpedition: string; dateLivraisonPrevue: string; adresseLivraison: string; statut: "en attente" | "livrée" | "en transit"; tracking: string | undefined; }' is not assignable to type '{ commandeId: unknown; transporteur: string; dateExpedition: string; dateLivraisonPrevue: string; adresseLivraison: string; statut: "en attente" | "livrée" | "en transit"; tracking: string; }'.
          Types of property 'tracking' are incompatible.
            Type 'string | undefined' is not assignable to type 'string'.
              Type 'undefined' is not assignable to type 'string'.
src/views/LivraisonsView.tsx(207,45): error TS2345: Argument of type '(values: { commandeId: unknown; transporteur: string; dateExpedition: string; dateLivraisonPrevue: string; adresseLivraison: string; statut: "en attente" | "livrée" | "en transit"; tracking: string; }) => Promise<...>' is not assignable to parameter of type 'SubmitHandler<TFieldValues, Promise<void>>'.
  Types of parameters 'values' and 'data' are incompatible.
    Type 'TFieldValues' is not assignable to type '{ commandeId: unknown; transporteur: string; dateExpedition: string; dateLivraisonPrevue: string; adresseLivraison: string; statut: "en attente" | "livrée" | "en transit"; tracking: string; }'.
      Type 'FieldValues' is missing the following properties from type '{ commandeId: unknown; transporteur: string; dateExpedition: string; dateLivraisonPrevue: string; adresseLivraison: string; statut: "en attente" | "livrée" | "en transit"; tracking: string; }': commandeId, transporteur, dateExpedition, dateLivraisonPrevue, and 3 more.
src/views/ReceptionsView.tsx(59,5): error TS2322: Type 'Resolver<{ fournisseur: string; dateReception: string; notes: string; articles: { reference: string; designation: string; quantite: number; prixUnitaire: number; }[]; }, any, { fournisseur: string; dateReception: string; notes: string | undefined; articles: { ...; }[]; }>' is not assignable to type 'Resolver<{ fournisseur: string; dateReception: string; notes: string; articles: { reference: string; designation: string; quantite: number; prixUnitaire: number; }[]; }, any, { fournisseur: string; dateReception: string; notes: string; articles: { ...; }[]; }>'.
  Type 'ResolverResult<{ fournisseur: string; dateReception: string; notes: string; articles: { reference: string; designation: string; quantite: number; prixUnitaire: number; }[]; }, { fournisseur: string; dateReception: string; notes: string | undefined; articles: { ...; }[]; }> | Promise<...>' is not assignable to type 'ResolverResult<{ fournisseur: string; dateReception: string; notes: string; articles: { reference: string; designation: string; quantite: number; prixUnitaire: number; }[]; }, { fournisseur: string; dateReception: string; notes: string; articles: { ...; }[]; }> | Promise<...>'.
    Type 'ResolverSuccess<{ fournisseur: string; dateReception: string; notes: string | undefined; articles: { reference: string; designation: string; quantite: number; prixUnitaire: number; }[]; }>' is not assignable to type 'ResolverResult<{ fournisseur: string; dateReception: string; notes: string; articles: { reference: string; designation: string; quantite: number; prixUnitaire: number; }[]; }, { fournisseur: string; dateReception: string; notes: string; articles: { ...; }[]; }> | Promise<...>'.
      Type 'ResolverSuccess<{ fournisseur: string; dateReception: string; notes: string | undefined; articles: { reference: string; designation: string; quantite: number; prixUnitaire: number; }[]; }>' is not assignable to type 'ResolverSuccess<{ fournisseur: string; dateReception: string; notes: string; articles: { reference: string; designation: string; quantite: number; prixUnitaire: number; }[]; }>'.
        Type '{ fournisseur: string; dateReception: string; notes: string | undefined; articles: { reference: string; designation: string; quantite: number; prixUnitaire: number; }[]; }' is not assignable to type '{ fournisseur: string; dateReception: string; notes: string; articles: { reference: string; designation: string; quantite: number; prixUnitaire: number; }[]; }'.
          Types of property 'notes' are incompatible.
            Type 'string | undefined' is not assignable to type 'string'.
              Type 'undefined' is not assignable to type 'string'.
src/views/StockView.tsx(90,66): error TS2322: Type '(row: Article) => string | null' is not assignable to type 'SortAccessor<Article>'.
  Type 'string | null' is not assignable to type 'string | number'.
    Type 'null' is not assignable to type 'string | number'.
src/views/StockView.tsx(237,14): error TS2304: Cannot find name 'FormInput'.
src/views/StockView.tsx(243,26): error TS7006: Parameter '_name' implicitly has an 'any' type.
src/views/StockView.tsx(243,33): error TS7006: Parameter 'value' implicitly has an 'any' type.
src/views/StockView.tsx(245,14): error TS2304: Cannot find name 'FormInput'.
src/views/StockView.tsx(251,26): error TS7006: Parameter '_name' implicitly has an 'any' type.
src/views/StockView.tsx(251,33): error TS7006: Parameter 'value' implicitly has an 'any' type.
